{
    "serotypefinder - stub": {
        "content": [
            {
                "0": [
                    [
                        {
                            "id": "test_sample"
                        },
                        "test_sample_results_tab.tsv:md5,51bb9b62d9be48ac08dfb0ec931632e2"
                    ]
                ],
                "1": [
                    [
                        {
                            "id": "test_sample"
                        },
                        "STF_SEROTYPE:md5,51bb9b62d9be48ac08dfb0ec931632e2"
                    ]
                ],
                "2": [
                    "versions.yml:md5,db1a709a777e4e407f851a431403cf55"
                ],
                "serotypefinder_report": [
                    [
                        {
                            "id": "test_sample"
                        },
                        "test_sample_results_tab.tsv:md5,51bb9b62d9be48ac08dfb0ec931632e2"
                    ]
                ],
                "serotypefinder_serotype": [
                    [
                        {
                            "id": "test_sample"
                        },
                        "STF_SEROTYPE:md5,51bb9b62d9be48ac08dfb0ec931632e2"
                    ]
                ],
                "versions": [
                    "versions.yml:md5,db1a709a777e4e407f851a431403cf55"
                ]
            }
        ],
        "meta": {
            "nf-test": "0.9.2",
            "nextflow": "24.10.8"
        },
        "timestamp": "2025-06-24T19:57:54.160586468"
    },
    "serotypefinder test": {
        "content": [
            [
                [
                    {
                        "id": "test_sample"
                    },
                    "test_sample_results_tab.tsv:md5,4e36723ab36b61aaf9ca7274576f8e70"
                ]
            ],
            [
                [
                    {
                        "id": "test_sample"
                    },
                    "STF_SEROTYPE:md5,79fc5cdb8d552909e3ee918ba71f0942"
                ]
            ],
            [
                "versions.yml:md5,db1a709a777e4e407f851a431403cf55"
            ]
        ],
        "meta": {
            "nf-test": "0.9.2",
            "nextflow": "24.10.8"
        },
        "timestamp": "2025-06-24T19:57:49.683564849"
    }
}