{
    "megahit - test": {
        "content": [
            [
                [
                    {
                        "id": "test_sample"
                    },
                    "test_sample_megahit_contigs.fa:md5,8be3bc67b657be1fcc54248b9307c0fe"
                ]
            ],
            [
                [
                    {
                        "id": "test_sample"
                    },
                    "test_sample_megahit.log:md5,ee8ecbfb5a7185815732f6cad41feaa0"
                ]
            ],
            [
                "versions.yml:md5,e3c0731297c9abe2f495ab6d541ac0e6"
            ]
        ],
        "meta": {
            "nf-test": "0.9.2",
            "nextflow": "25.04.4"
        },
        "timestamp": "2025-06-20T15:44:51.641090705"
    },
    "megahit - stub": {
        "content": [
            {
                "0": [
                    [
                        {
                            "id": "test_sample"
                        },
                        "test_sample_megahit_contigs.fa:md5,d41d8cd98f00b204e9800998ecf8427e"
                    ]
                ],
                "1": [
                    [
                        {
                            "id": "test_sample"
                        },
                        "test_sample_megahit.log:md5,d41d8cd98f00b204e9800998ecf8427e"
                    ]
                ],
                "2": [
                    "versions.yml:md5,e3c0731297c9abe2f495ab6d541ac0e6"
                ],
                "assembly_fasta": [
                    [
                        {
                            "id": "test_sample"
                        },
                        "test_sample_megahit_contigs.fa:md5,d41d8cd98f00b204e9800998ecf8427e"
                    ]
                ],
                "megahit_log": [
                    [
                        {
                            "id": "test_sample"
                        },
                        "test_sample_megahit.log:md5,d41d8cd98f00b204e9800998ecf8427e"
                    ]
                ],
                "versions": [
                    "versions.yml:md5,e3c0731297c9abe2f495ab6d541ac0e6"
                ]
            }
        ],
        "meta": {
            "nf-test": "0.9.2",
            "nextflow": "25.04.4"
        },
        "timestamp": "2025-06-20T15:45:03.715292871"
    }
}