{
    "pseudomonas_aeruginosa - pasty characterization": {
        "content": [
            [
                [
                    {
                        "id": "test_pseudomonas",
                        "single_end": false
                    },
                    [
                        "test_pseudomonas.blastn.tsv:md5,ec58783a0ded5271804a072d74a4a0d0",
                        "test_pseudomonas.details.tsv:md5,e729ca7da5a77b77e8e1cd1727061728",
                        "test_pseudomonas.tsv:md5,4e394a62e98d4cc5cfb77fac7e44b42d"
                    ]
                ]
            ],
            [
                "versions.yml:md5,d3377b3a3a370915f1c61a903378c013"
            ]
        ],
        "meta": {
            "nf-test": "0.9.2",
            "nextflow": "24.04.5"
        },
        "timestamp": "2025-07-02T20:35:58.246034"
    }
}