{
    "gambit - prokaryote assembly - stub": {
        "content": [
            {
                "0": [
                    [
                        {
                            "id": "test_sample"
                        },
                        "test_sample_gambit.json:md5,d41d8cd98f00b204e9800998ecf8427e"
                    ]
                ],
                "1": [
                    [
                        {
                            "id": "test_sample"
                        },
                        "test_sample_gambit_closest.csv:md5,d41d8cd98f00b204e9800998ecf8427e"
                    ]
                ],
                "2": [
                    [
                        {
                            "id": "test_sample"
                        },
                        "PREDICTED_TAXON:md5,d41d8cd98f00b204e9800998ecf8427e"
                    ]
                ],
                "3": [
                    [
                        {
                            "id": "test_sample"
                        },
                        "PREDICTED_TAXON_RANK:md5,d41d8cd98f00b204e9800998ecf8427e"
                    ]
                ],
                "4": [
                    [
                        {
                            "id": "test_sample"
                        },
                        "NEXT_TAXON:md5,d41d8cd98f00b204e9800998ecf8427e"
                    ]
                ],
                "5": [
                    [
                        {
                            "id": "test_sample"
                        },
                        "NEXT_TAXON_RANK:md5,d41d8cd98f00b204e9800998ecf8427e"
                    ]
                ],
                "6": [
                    [
                        {
                            "id": "test_sample"
                        },
                        "MERLIN_TAG:md5,d41d8cd98f00b204e9800998ecf8427e"
                    ]
                ],
                "7": [
                    "versions.yml:md5,cc435dec972f7e693963314cf50e6bf3"
                ],
                "gambit_closest": [
                    [
                        {
                            "id": "test_sample"
                        },
                        "test_sample_gambit_closest.csv:md5,d41d8cd98f00b204e9800998ecf8427e"
                    ]
                ],
                "gambit_report": [
                    [
                        {
                            "id": "test_sample"
                        },
                        "test_sample_gambit.json:md5,d41d8cd98f00b204e9800998ecf8427e"
                    ]
                ],
                "merlin_tag": [
                    [
                        {
                            "id": "test_sample"
                        },
                        "MERLIN_TAG:md5,d41d8cd98f00b204e9800998ecf8427e"
                    ]
                ],
                "next_taxon": [
                    [
                        {
                            "id": "test_sample"
                        },
                        "NEXT_TAXON:md5,d41d8cd98f00b204e9800998ecf8427e"
                    ]
                ],
                "next_taxon_rank": [
                    [
                        {
                            "id": "test_sample"
                        },
                        "NEXT_TAXON_RANK:md5,d41d8cd98f00b204e9800998ecf8427e"
                    ]
                ],
                "predicted_taxon": [
                    [
                        {
                            "id": "test_sample"
                        },
                        "PREDICTED_TAXON:md5,d41d8cd98f00b204e9800998ecf8427e"
                    ]
                ],
                "predicted_taxon_rank": [
                    [
                        {
                            "id": "test_sample"
                        },
                        "PREDICTED_TAXON_RANK:md5,d41d8cd98f00b204e9800998ecf8427e"
                    ]
                ],
                "versions": [
                    "versions.yml:md5,cc435dec972f7e693963314cf50e6bf3"
                ]
            }
        ],
        "meta": {
            "nf-test": "0.9.2",
            "nextflow": "25.04.4"
        },
        "timestamp": "2025-06-24T13:40:58.088020487"
    },
    "gambit - prokaryote assembly": {
        "content": [
            [
                [
                    {
                        "id": "test_sample"
                    },
                    "test_sample_gambit.json:md5,7f719b2bb09061407f768db62e7fc593"
                ]
            ],
            [
                [
                    {
                        "id": "test_sample"
                    },
                    "test_sample_gambit_closest.csv:md5,4778d29bd6078b49dbe8bf795f30472b"
                ]
            ],
            [
                [
                    {
                        "id": "test_sample"
                    },
                    "PREDICTED_TAXON:md5,d421f55516b1ad163fa21db9bc0e4cdc"
                ]
            ],
            [
                [
                    {
                        "id": "test_sample"
                    },
                    "PREDICTED_TAXON_RANK:md5,cd3d20b9461987685a810f405a9fcfb2"
                ]
            ],
            [
                [
                    {
                        "id": "test_sample"
                    },
                    "NEXT_TAXON:md5,d4cd0dabcf4caa22ad92fab40844c786"
                ]
            ],
            [
                [
                    {
                        "id": "test_sample"
                    },
                    "NEXT_TAXON_RANK:md5,d4cd0dabcf4caa22ad92fab40844c786"
                ]
            ],
            [
                [
                    {
                        "id": "test_sample"
                    },
                    "MERLIN_TAG:md5,d421f55516b1ad163fa21db9bc0e4cdc"
                ]
            ],
            [
                "versions.yml:md5,cc435dec972f7e693963314cf50e6bf3"
            ]
        ],
        "meta": {
            "nf-test": "0.9.2",
            "nextflow": "25.04.4"
        },
        "timestamp": "2025-06-24T13:39:09.736676028"
    }
}