{
    "amrfinderplus - stub": {
        "content": [
            {
                "0": [
                    [
                        {
                            "id": "test_sample"
                        },
                        "test_sample_amrfinder_all.tsv:md5,51bb9b62d9be48ac08dfb0ec931632e2"
                    ]
                ],
                "1": [
                    [
                        {
                            "id": "test_sample"
                        },
                        "test_sample_amrfinder_amr.tsv:md5,51bb9b62d9be48ac08dfb0ec931632e2"
                    ]
                ],
                "10": [
                    [
                        {
                            "id": "test_sample"
                        },
                        "BETA_LACTAM_GENES:md5,51bb9b62d9be48ac08dfb0ec931632e2"
                    ]
                ],
                "11": [
                    [
                        {
                            "id": "test_sample"
                        },
                        "BETA_LACTAM_BETA_LACTAM_GENES:md5,51bb9b62d9be48ac08dfb0ec931632e2"
                    ]
                ],
                "12": [
                    [
                        {
                            "id": "test_sample"
                        },
                        "BETA_LACTAM_CARBAPENEM_GENES:md5,51bb9b62d9be48ac08dfb0ec931632e2"
                    ]
                ],
                "13": [
                    [
                        {
                            "id": "test_sample"
                        },
                        "BETA_LACTAM_CEPHALOSPORIN_GENES:md5,51bb9b62d9be48ac08dfb0ec931632e2"
                    ]
                ],
                "14": [
                    [
                        {
                            "id": "test_sample"
                        },
                        "BETA_LACTAM_CEPHALOTHIN_GENES:md5,51bb9b62d9be48ac08dfb0ec931632e2"
                    ]
                ],
                "15": [
                    [
                        {
                            "id": "test_sample"
                        },
                        "BETA_LACTAM_METHICILLIN_GENES:md5,51bb9b62d9be48ac08dfb0ec931632e2"
                    ]
                ],
                "16": [
                    "versions.yml:md5,df77fcefb7d9d4d7ac2a0fb46a102fba"
                ],
                "2": [
                    [
                        {
                            "id": "test_sample"
                        },
                        "test_sample_amrfinder_stress.tsv:md5,51bb9b62d9be48ac08dfb0ec931632e2"
                    ]
                ],
                "3": [
                    [
                        {
                            "id": "test_sample"
                        },
                        "test_sample_amrfinder_virulence.tsv:md5,51bb9b62d9be48ac08dfb0ec931632e2"
                    ]
                ],
                "4": [
                    [
                        {
                            "id": "test_sample"
                        },
                        "AMR_CORE_GENES:md5,51bb9b62d9be48ac08dfb0ec931632e2"
                    ]
                ],
                "5": [
                    [
                        {
                            "id": "test_sample"
                        },
                        "AMR_PLUS_GENES:md5,51bb9b62d9be48ac08dfb0ec931632e2"
                    ]
                ],
                "6": [
                    [
                        {
                            "id": "test_sample"
                        },
                        "STRESS_GENES:md5,51bb9b62d9be48ac08dfb0ec931632e2"
                    ]
                ],
                "7": [
                    [
                        {
                            "id": "test_sample"
                        },
                        "VIRULENCE_GENES:md5,51bb9b62d9be48ac08dfb0ec931632e2"
                    ]
                ],
                "8": [
                    [
                        {
                            "id": "test_sample"
                        },
                        "AMR_CLASSES:md5,51bb9b62d9be48ac08dfb0ec931632e2"
                    ]
                ],
                "9": [
                    [
                        {
                            "id": "test_sample"
                        },
                        "AMR_SUBCLASSES:md5,51bb9b62d9be48ac08dfb0ec931632e2"
                    ]
                ],
                "amrfinderplus_all_report": [
                    [
                        {
                            "id": "test_sample"
                        },
                        "test_sample_amrfinder_all.tsv:md5,51bb9b62d9be48ac08dfb0ec931632e2"
                    ]
                ],
                "amrfinderplus_amr_betalactam_betalactam_genes": [
                    [
                        {
                            "id": "test_sample"
                        },
                        "BETA_LACTAM_BETA_LACTAM_GENES:md5,51bb9b62d9be48ac08dfb0ec931632e2"
                    ]
                ],
                "amrfinderplus_amr_betalactam_carbapenem_genes": [
                    [
                        {
                            "id": "test_sample"
                        },
                        "BETA_LACTAM_CARBAPENEM_GENES:md5,51bb9b62d9be48ac08dfb0ec931632e2"
                    ]
                ],
                "amrfinderplus_amr_betalactam_cephalosporin_genes": [
                    [
                        {
                            "id": "test_sample"
                        },
                        "BETA_LACTAM_CEPHALOSPORIN_GENES:md5,51bb9b62d9be48ac08dfb0ec931632e2"
                    ]
                ],
                "amrfinderplus_amr_betalactam_cephalothin_genes": [
                    [
                        {
                            "id": "test_sample"
                        },
                        "BETA_LACTAM_CEPHALOTHIN_GENES:md5,51bb9b62d9be48ac08dfb0ec931632e2"
                    ]
                ],
                "amrfinderplus_amr_betalactam_genes": [
                    [
                        {
                            "id": "test_sample"
                        },
                        "BETA_LACTAM_GENES:md5,51bb9b62d9be48ac08dfb0ec931632e2"
                    ]
                ],
                "amrfinderplus_amr_betalactam_methicillin_genes": [
                    [
                        {
                            "id": "test_sample"
                        },
                        "BETA_LACTAM_METHICILLIN_GENES:md5,51bb9b62d9be48ac08dfb0ec931632e2"
                    ]
                ],
                "amrfinderplus_amr_classes": [
                    [
                        {
                            "id": "test_sample"
                        },
                        "AMR_CLASSES:md5,51bb9b62d9be48ac08dfb0ec931632e2"
                    ]
                ],
                "amrfinderplus_amr_core_genes": [
                    [
                        {
                            "id": "test_sample"
                        },
                        "AMR_CORE_GENES:md5,51bb9b62d9be48ac08dfb0ec931632e2"
                    ]
                ],
                "amrfinderplus_amr_plus_genes": [
                    [
                        {
                            "id": "test_sample"
                        },
                        "AMR_PLUS_GENES:md5,51bb9b62d9be48ac08dfb0ec931632e2"
                    ]
                ],
                "amrfinderplus_amr_report": [
                    [
                        {
                            "id": "test_sample"
                        },
                        "test_sample_amrfinder_amr.tsv:md5,51bb9b62d9be48ac08dfb0ec931632e2"
                    ]
                ],
                "amrfinderplus_amr_subclasses": [
                    [
                        {
                            "id": "test_sample"
                        },
                        "AMR_SUBCLASSES:md5,51bb9b62d9be48ac08dfb0ec931632e2"
                    ]
                ],
                "amrfinderplus_stress_genes": [
                    [
                        {
                            "id": "test_sample"
                        },
                        "STRESS_GENES:md5,51bb9b62d9be48ac08dfb0ec931632e2"
                    ]
                ],
                "amrfinderplus_stress_report": [
                    [
                        {
                            "id": "test_sample"
                        },
                        "test_sample_amrfinder_stress.tsv:md5,51bb9b62d9be48ac08dfb0ec931632e2"
                    ]
                ],
                "amrfinderplus_virulence_genes": [
                    [
                        {
                            "id": "test_sample"
                        },
                        "VIRULENCE_GENES:md5,51bb9b62d9be48ac08dfb0ec931632e2"
                    ]
                ],
                "amrfinderplus_virulence_report": [
                    [
                        {
                            "id": "test_sample"
                        },
                        "test_sample_amrfinder_virulence.tsv:md5,51bb9b62d9be48ac08dfb0ec931632e2"
                    ]
                ],
                "versions": [
                    "versions.yml:md5,df77fcefb7d9d4d7ac2a0fb46a102fba"
                ]
            }
        ],
        "meta": {
            "nf-test": "0.9.2",
            "nextflow": "24.10.8"
        },
        "timestamp": "2025-06-24T16:33:19.415848086"
    },
    "amrfinderplus test": {
        "content": [
            [
                [
                    {
                        "id": "test_sample"
                    },
                    "test_sample_amrfinder_all.tsv:md5,5d149a99b3d4a97aad6e6fc9811a99c0"
                ]
            ],
            [
                [
                    {
                        "id": "test_sample"
                    },
                    "test_sample_amrfinder_amr.tsv:md5,5d149a99b3d4a97aad6e6fc9811a99c0"
                ]
            ],
            [
                [
                    {
                        "id": "test_sample"
                    },
                    "test_sample_amrfinder_stress.tsv:md5,376a8991c8eb010ea64c796115fb9b8d"
                ]
            ],
            [
                [
                    {
                        "id": "test_sample"
                    },
                    "test_sample_amrfinder_virulence.tsv:md5,376a8991c8eb010ea64c796115fb9b8d"
                ]
            ],
            [
                [
                    {
                        "id": "test_sample"
                    },
                    "AMR_CORE_GENES:md5,6991e40bc4b82e9e61d66ac6056838c0"
                ]
            ],
            [
                [
                    {
                        "id": "test_sample"
                    },
                    "AMR_PLUS_GENES:md5,c36903f7be16a68f69470cb6f48b277a"
                ]
            ],
            [
                [
                    {
                        "id": "test_sample"
                    },
                    "STRESS_GENES:md5,4bd51f5d569c0eafb786b26558921e3a"
                ]
            ],
            [
                [
                    {
                        "id": "test_sample"
                    },
                    "VIRULENCE_GENES:md5,9c9c511ab5bfade46f0db1b2ee5b4666"
                ]
            ],
            [
                [
                    {
                        "id": "test_sample"
                    },
                    "AMR_CLASSES:md5,0d62cf49674cd328e1821ea1e13333ab"
                ]
            ],
            [
                [
                    {
                        "id": "test_sample"
                    },
                    "AMR_SUBCLASSES:md5,48e15125b04e565680ab379326db80b9"
                ]
            ],
            [
                [
                    {
                        "id": "test_sample"
                    },
                    "BETA_LACTAM_GENES:md5,68b329da9893e34099c7d8ad5cb9c940"
                ]
            ],
            [
                [
                    {
                        "id": "test_sample"
                    },
                    "BETA_LACTAM_BETA_LACTAM_GENES:md5,68b329da9893e34099c7d8ad5cb9c940"
                ]
            ],
            [
                [
                    {
                        "id": "test_sample"
                    },
                    "BETA_LACTAM_CARBAPENEM_GENES:md5,68b329da9893e34099c7d8ad5cb9c940"
                ]
            ],
            [
                [
                    {
                        "id": "test_sample"
                    },
                    "BETA_LACTAM_CEPHALOSPORIN_GENES:md5,68b329da9893e34099c7d8ad5cb9c940"
                ]
            ],
            [
                [
                    {
                        "id": "test_sample"
                    },
                    "BETA_LACTAM_CEPHALOTHIN_GENES:md5,68b329da9893e34099c7d8ad5cb9c940"
                ]
            ],
            [
                [
                    {
                        "id": "test_sample"
                    },
                    "BETA_LACTAM_METHICILLIN_GENES:md5,68b329da9893e34099c7d8ad5cb9c940"
                ]
            ],
            [
                "versions.yml:md5,df77fcefb7d9d4d7ac2a0fb46a102fba"
            ]
        ],
        "meta": {
            "nf-test": "0.9.2",
            "nextflow": "24.10.8"
        },
        "timestamp": "2025-06-24T16:33:14.106069411"
    }
}