{
    "ectyper - ecoli assembly": {
        "content": [
            [
                [
                    {
                        "id": "test_sample"
                    },
                    "test_sample.tsv:md5,45d5b1cc63e5250207cb70126fcdd021"
                ]
            ],
            [
                [
                    {
                        "id": "test_sample"
                    },
                    "PREDICTED_SEROTYPE.txt:md5,d156c404bc17982a9095dc81a706328e"
                ]
            ],
            [
                "versions.yml:md5,c7fe273c583a801fec7101806fc75d7d"
            ]
        ],
        "meta": {
            "nf-test": "0.9.2",
            "nextflow": "25.04.4"
        },
        "timestamp": "2025-06-24T18:51:03.871674454"
    },
    "ectyper - prokaryote assembly - stub": {
        "content": [
            {
                "0": [
                    [
                        {
                            "id": "test_sample"
                        },
                        "test_sample.tsv:md5,d41d8cd98f00b204e9800998ecf8427e"
                    ]
                ],
                "1": [
                    [
                        {
                            "id": "test_sample"
                        },
                        "PREDICTED_SEROTYPE.txt:md5,d4b61d77cb0b810024447774a7d4d141"
                    ]
                ],
                "2": [
                    "versions.yml:md5,c7fe273c583a801fec7101806fc75d7d"
                ],
                "ectyper_predicted_serotype_file": [
                    [
                        {
                            "id": "test_sample"
                        },
                        "PREDICTED_SEROTYPE.txt:md5,d4b61d77cb0b810024447774a7d4d141"
                    ]
                ],
                "ectyper_results": [
                    [
                        {
                            "id": "test_sample"
                        },
                        "test_sample.tsv:md5,d41d8cd98f00b204e9800998ecf8427e"
                    ]
                ],
                "versions": [
                    "versions.yml:md5,c7fe273c583a801fec7101806fc75d7d"
                ]
            }
        ],
        "meta": {
            "nf-test": "0.9.2",
            "nextflow": "25.04.4"
        },
        "timestamp": "2025-06-24T18:51:16.412271278"
    }
}