{
    "KLEBORATE - test": {
        "content": [
            [
                [
                    {
                        "id": "test_sample"
                    },
                    "BLA_RESISTANCE_GENES:md5,d41d8cd98f00b204e9800998ecf8427e"
                ]
            ],
            [
                [
                    {
                        "id": "test_sample"
                    },
                    "K_LOCUS:md5,55c9a3d90a12d0f53306de998de72ca2"
                ]
            ],
            [
                [
                    {
                        "id": "test_sample"
                    },
                    "K_TYPE:md5,2c729497d91709de6bf1ccd875cf28e5"
                ]
            ],
            [
                "versions.yml:md5,316733758d57f5d0c42cffe9d5334953"
            ]
        ],
        "meta": {
            "nf-test": "0.9.2",
            "nextflow": "24.04.5"
        },
        "timestamp": "2025-06-24T19:45:55.329932"
    },
    "KLEBORATE - stub": {
        "content": [
            {
                "0": [
                    [
                        {
                            "id": "test_sample"
                        },
                        "test_sample_kleborate_out.tsv:md5,d41d8cd98f00b204e9800998ecf8427e"
                    ]
                ],
                "1": [
                    [
                        {
                            "id": "test_sample"
                        },
                        "SPECIES:md5,d41d8cd98f00b204e9800998ecf8427e"
                    ]
                ],
                "10": [
                    [
                        {
                            "id": "test_sample"
                        },
                        "K_TYPE:md5,d41d8cd98f00b204e9800998ecf8427e"
                    ]
                ],
                "11": [
                    [
                        {
                            "id": "test_sample"
                        },
                        "K_LOCUS:md5,d41d8cd98f00b204e9800998ecf8427e"
                    ]
                ],
                "12": [
                    [
                        {
                            "id": "test_sample"
                        },
                        "O_TYPE:md5,d41d8cd98f00b204e9800998ecf8427e"
                    ]
                ],
                "13": [
                    [
                        {
                            "id": "test_sample"
                        },
                        "O_LOCUS:md5,d41d8cd98f00b204e9800998ecf8427e"
                    ]
                ],
                "14": [
                    [
                        {
                            "id": "test_sample"
                        },
                        "K_LOCUS_CONFIDENCE:md5,d41d8cd98f00b204e9800998ecf8427e"
                    ]
                ],
                "15": [
                    [
                        {
                            "id": "test_sample"
                        },
                        "O_LOCUS_CONFIDENCE:md5,d41d8cd98f00b204e9800998ecf8427e"
                    ]
                ],
                "16": [
                    "versions.yml:md5,316733758d57f5d0c42cffe9d5334953"
                ],
                "2": [
                    [
                        {
                            "id": "test_sample"
                        },
                        "MLST_SEQUENCE_TYPE:md5,d41d8cd98f00b204e9800998ecf8427e"
                    ]
                ],
                "3": [
                    [
                        {
                            "id": "test_sample"
                        },
                        "VIRULENCE_SCORE:md5,d41d8cd98f00b204e9800998ecf8427e"
                    ]
                ],
                "4": [
                    [
                        {
                            "id": "test_sample"
                        },
                        "RESISTANCE_SCORE:md5,d41d8cd98f00b204e9800998ecf8427e"
                    ]
                ],
                "5": [
                    [
                        {
                            "id": "test_sample"
                        },
                        "NUM_RESISTANCE_GENES:md5,d41d8cd98f00b204e9800998ecf8427e"
                    ]
                ],
                "6": [
                    [
                        {
                            "id": "test_sample"
                        },
                        "BLA_RESISTANCE_GENES:md5,d41d8cd98f00b204e9800998ecf8427e"
                    ]
                ],
                "7": [
                    [
                        {
                            "id": "test_sample"
                        },
                        "ESBL_RESISTANCE_GENES:md5,d41d8cd98f00b204e9800998ecf8427e"
                    ]
                ],
                "8": [
                    [
                        {
                            "id": "test_sample"
                        },
                        "KEY_RESISTANCE_GENES:md5,d41d8cd98f00b204e9800998ecf8427e"
                    ]
                ],
                "9": [
                    [
                        {
                            "id": "test_sample"
                        },
                        "GENOMIC_RESISTANCE_MUTATIONS:md5,d41d8cd98f00b204e9800998ecf8427e"
                    ]
                ],
                "kleborate_bla_resistance_genes": [
                    [
                        {
                            "id": "test_sample"
                        },
                        "BLA_RESISTANCE_GENES:md5,d41d8cd98f00b204e9800998ecf8427e"
                    ]
                ],
                "kleborate_esbl_resistance_genes": [
                    [
                        {
                            "id": "test_sample"
                        },
                        "ESBL_RESISTANCE_GENES:md5,d41d8cd98f00b204e9800998ecf8427e"
                    ]
                ],
                "kleborate_genomic_resistance_mutations": [
                    [
                        {
                            "id": "test_sample"
                        },
                        "GENOMIC_RESISTANCE_MUTATIONS:md5,d41d8cd98f00b204e9800998ecf8427e"
                    ]
                ],
                "kleborate_k_locus": [
                    [
                        {
                            "id": "test_sample"
                        },
                        "K_LOCUS:md5,d41d8cd98f00b204e9800998ecf8427e"
                    ]
                ],
                "kleborate_k_locus_confidence": [
                    [
                        {
                            "id": "test_sample"
                        },
                        "K_LOCUS_CONFIDENCE:md5,d41d8cd98f00b204e9800998ecf8427e"
                    ]
                ],
                "kleborate_k_type": [
                    [
                        {
                            "id": "test_sample"
                        },
                        "K_TYPE:md5,d41d8cd98f00b204e9800998ecf8427e"
                    ]
                ],
                "kleborate_key_resistance_genes": [
                    [
                        {
                            "id": "test_sample"
                        },
                        "KEY_RESISTANCE_GENES:md5,d41d8cd98f00b204e9800998ecf8427e"
                    ]
                ],
                "kleborate_mlst_sequence_type": [
                    [
                        {
                            "id": "test_sample"
                        },
                        "MLST_SEQUENCE_TYPE:md5,d41d8cd98f00b204e9800998ecf8427e"
                    ]
                ],
                "kleborate_num_resistance_genes": [
                    [
                        {
                            "id": "test_sample"
                        },
                        "NUM_RESISTANCE_GENES:md5,d41d8cd98f00b204e9800998ecf8427e"
                    ]
                ],
                "kleborate_o_locus": [
                    [
                        {
                            "id": "test_sample"
                        },
                        "O_LOCUS:md5,d41d8cd98f00b204e9800998ecf8427e"
                    ]
                ],
                "kleborate_o_locus_confidence": [
                    [
                        {
                            "id": "test_sample"
                        },
                        "O_LOCUS_CONFIDENCE:md5,d41d8cd98f00b204e9800998ecf8427e"
                    ]
                ],
                "kleborate_o_type": [
                    [
                        {
                            "id": "test_sample"
                        },
                        "O_TYPE:md5,d41d8cd98f00b204e9800998ecf8427e"
                    ]
                ],
                "kleborate_report": [
                    [
                        {
                            "id": "test_sample"
                        },
                        "test_sample_kleborate_out.tsv:md5,d41d8cd98f00b204e9800998ecf8427e"
                    ]
                ],
                "kleborate_resistance_score": [
                    [
                        {
                            "id": "test_sample"
                        },
                        "RESISTANCE_SCORE:md5,d41d8cd98f00b204e9800998ecf8427e"
                    ]
                ],
                "kleborate_species": [
                    [
                        {
                            "id": "test_sample"
                        },
                        "SPECIES:md5,d41d8cd98f00b204e9800998ecf8427e"
                    ]
                ],
                "kleborate_virulence_score": [
                    [
                        {
                            "id": "test_sample"
                        },
                        "VIRULENCE_SCORE:md5,d41d8cd98f00b204e9800998ecf8427e"
                    ]
                ],
                "versions": [
                    "versions.yml:md5,316733758d57f5d0c42cffe9d5334953"
                ]
            }
        ],
        "meta": {
            "nf-test": "0.9.2",
            "nextflow": "24.04.5"
        },
        "timestamp": "2025-06-24T19:45:59.709731"
    }
}