{
    "escherichia_shigella - characterization - no stxtyper": {
        "content": [
            [
                [
                    {
                        "id": "test_ecoli-shigella",
                        "single_end": false
                    },
                    "test_ecoli-shigella_results_tab.tsv:md5,1302b591d230541196a3f04b499ac647"
                ]
            ],
            [
                [
                    {
                        "id": "test_ecoli-shigella",
                        "single_end": false
                    },
                    "test_ecoli-shigella.tsv:md5,cac1ccf09d4bdbffa00c66625f4c966a"
                ]
            ],
            [
                [
                    {
                        "id": "test_ecoli-shigella",
                        "single_end": false
                    },
                    "test_ecoli-shigella_shigeifinder.tsv:md5,f3216127bb1bba962d84f98fe0042390"
                ]
            ],
            [
                [
                    {
                        "id": "test_ecoli-shigella",
                        "single_end": false
                    },
                    "test_ecoli-shigella_results_tab.tsv:md5,676b7d5edfe724d7df0b48001a9d11a1"
                ]
            ],
            [
                
            ],
            [
                
            ],
            [
                "versions.yml:md5,200f918ddf823e91273ac112dc806d70",
                "versions.yml:md5,c4d679f7b5691fc311aaf2f7965475be",
                "versions.yml:md5,c5e01602e6325888201c1d8f5e616480",
                "versions.yml:md5,d95a9584be8bcc5757f3f6b3342229cb"
            ]
        ],
        "meta": {
            "nf-test": "0.9.2",
            "nextflow": "24.10.8"
        },
        "timestamp": "2025-07-02T20:07:03.681751175"
    },
    "escherichia_shigella - characterization": {
        "content": [
            [
                [
                    {
                        "id": "test_ecoli-shigella",
                        "single_end": false
                    },
                    "test_ecoli-shigella_stxtyper.tsv:md5,61f9260cfa9779f36d28ee83e80f4a32"
                ]
            ],
            [
                [
                    {
                        "id": "test_ecoli-shigella",
                        "single_end": false
                    },
                    "test_ecoli-shigella_results_tab.tsv:md5,1302b591d230541196a3f04b499ac647"
                ]
            ],
            [
                [
                    {
                        "id": "test_ecoli-shigella",
                        "single_end": false
                    },
                    "test_ecoli-shigella.tsv:md5,cac1ccf09d4bdbffa00c66625f4c966a"
                ]
            ],
            [
                [
                    {
                        "id": "test_ecoli-shigella",
                        "single_end": false
                    },
                    "test_ecoli-shigella_shigeifinder.tsv:md5,f3216127bb1bba962d84f98fe0042390"
                ]
            ],
            [
                [
                    {
                        "id": "test_ecoli-shigella",
                        "single_end": false
                    },
                    "test_ecoli-shigella_results_tab.tsv:md5,676b7d5edfe724d7df0b48001a9d11a1"
                ]
            ],
            [
                
            ],
            [
                
            ],
            [
                "versions.yml:md5,200f918ddf823e91273ac112dc806d70",
                "versions.yml:md5,419f94e9e74f7e054849fbddb0bb4530",
                "versions.yml:md5,c4d679f7b5691fc311aaf2f7965475be",
                "versions.yml:md5,c5e01602e6325888201c1d8f5e616480",
                "versions.yml:md5,d95a9584be8bcc5757f3f6b3342229cb"
            ]
        ],
        "meta": {
            "nf-test": "0.9.2",
            "nextflow": "24.10.8"
        },
        "timestamp": "2025-07-02T20:06:52.532568785"
    }
}