{
    "bwa_mem - stub": {
        "content": [
            {
                "0": [
                    [
                        {
                            "id": "test_sample"
                        },
                        "test_sample.sorted.bam:md5,d41d8cd98f00b204e9800998ecf8427e"
                    ]
                ],
                "1": [
                    [
                        {
                            "id": "test_sample"
                        },
                        "test_sample.sorted.bam.bai:md5,d41d8cd98f00b204e9800998ecf8427e"
                    ]
                ],
                "2": [
                    [
                        {
                            "id": "test_sample"
                        },
                        [
                            "test_sample_R1.fastq.gz:md5,d41d8cd98f00b204e9800998ecf8427e",
                            "test_sample_unaligned_R1.fastq.gz:md5,d41d8cd98f00b204e9800998ecf8427e"
                        ]
                    ]
                ],
                "3": [
                    [
                        {
                            "id": "test_sample"
                        },
                        [
                            "test_sample_R2.fastq.gz:md5,d41d8cd98f00b204e9800998ecf8427e",
                            "test_sample_unaligned_R2.fastq.gz:md5,d41d8cd98f00b204e9800998ecf8427e"
                        ]
                    ]
                ],
                "4": [
                    [
                        {
                            "id": "test_sample"
                        },
                        "test_sample_unaligned_R1.fastq.gz:md5,d41d8cd98f00b204e9800998ecf8427e"
                    ]
                ],
                "5": [
                    [
                        {
                            "id": "test_sample"
                        },
                        "test_sample_unaligned_R2.fastq.gz:md5,d41d8cd98f00b204e9800998ecf8427e"
                    ]
                ],
                "6": [
                    "versions.yml:md5,0ce18ad1a5a5d823919cde11e3086dac"
                ],
                "bai": [
                    [
                        {
                            "id": "test_sample"
                        },
                        "test_sample.sorted.bam.bai:md5,d41d8cd98f00b204e9800998ecf8427e"
                    ]
                ],
                "bam": [
                    [
                        {
                            "id": "test_sample"
                        },
                        "test_sample.sorted.bam:md5,d41d8cd98f00b204e9800998ecf8427e"
                    ]
                ],
                "fastq_1": [
                    [
                        {
                            "id": "test_sample"
                        },
                        [
                            "test_sample_R1.fastq.gz:md5,d41d8cd98f00b204e9800998ecf8427e",
                            "test_sample_unaligned_R1.fastq.gz:md5,d41d8cd98f00b204e9800998ecf8427e"
                        ]
                    ]
                ],
                "fastq_2": [
                    [
                        {
                            "id": "test_sample"
                        },
                        [
                            "test_sample_R2.fastq.gz:md5,d41d8cd98f00b204e9800998ecf8427e",
                            "test_sample_unaligned_R2.fastq.gz:md5,d41d8cd98f00b204e9800998ecf8427e"
                        ]
                    ]
                ],
                "unaligned_1": [
                    [
                        {
                            "id": "test_sample"
                        },
                        "test_sample_unaligned_R1.fastq.gz:md5,d41d8cd98f00b204e9800998ecf8427e"
                    ]
                ],
                "unaligned_2": [
                    [
                        {
                            "id": "test_sample"
                        },
                        "test_sample_unaligned_R2.fastq.gz:md5,d41d8cd98f00b204e9800998ecf8427e"
                    ]
                ],
                "versions": [
                    "versions.yml:md5,0ce18ad1a5a5d823919cde11e3086dac"
                ]
            }
        ],
        "meta": {
            "nf-test": "0.9.2",
            "nextflow": "25.04.4"
        },
        "timestamp": "2025-06-20T20:37:05.126000377"
    },
    "bwa_mem - test": {
        "content": [
            [
                [
                    {
                        "id": "test_sample"
                    },
                    "test_sample.sorted.bam:md5,1b8cc78682f762db5afa4710712160d0"
                ]
            ],
            [
                [
                    {
                        "id": "test_sample"
                    },
                    "test_sample.sorted.bam.bai:md5,65e4fd3706a8465fcbc2b985e29885fe"
                ]
            ],
            [
                [
                    {
                        "id": "test_sample"
                    },
                    [
                        "test_sample_R1.fastq.gz:md5,35eb5ebcb6e5ae41d27be2f811d1afbf",
                        "test_sample_unaligned_R1.fastq.gz:md5,5b91c6081dbc33214068798a3df58ca9"
                    ]
                ]
            ],
            [
                [
                    {
                        "id": "test_sample"
                    },
                    [
                        "test_sample_R2.fastq.gz:md5,fc2698648a2c795deec1f6d8473599cc",
                        "test_sample_unaligned_R2.fastq.gz:md5,78ab2dd0301ca6cd77d210178f140ab7"
                    ]
                ]
            ],
            [
                [
                    {
                        "id": "test_sample"
                    },
                    "test_sample_unaligned_R1.fastq.gz:md5,5b91c6081dbc33214068798a3df58ca9"
                ]
            ],
            [
                [
                    {
                        "id": "test_sample"
                    },
                    "test_sample_unaligned_R2.fastq.gz:md5,78ab2dd0301ca6cd77d210178f140ab7"
                ]
            ],
            [
                "versions.yml:md5,0ce18ad1a5a5d823919cde11e3086dac"
            ]
        ],
        "meta": {
            "nf-test": "0.9.2",
            "nextflow": "25.04.4"
        },
        "timestamp": "2025-06-20T20:36:52.13622899"
    }
}