{
    "kraken2 - stub": {
        "content": [
            {
                "0": [
                    [
                        {
                            "id": "test_sample"
                        },
                        "test_sample.report.txt:md5,d41d8cd98f00b204e9800998ecf8427e"
                    ]
                ],
                "1": [
                    [
                        {
                            "id": "test_sample"
                        },
                        "test_sample.classifiedreads.txt.gz:md5,d41d8cd98f00b204e9800998ecf8427e"
                    ]
                ],
                "2": [
                    [
                        {
                            "id": "test_sample"
                        },
                        "test_sample.unclassified_1.fastq.gz:md5,d41d8cd98f00b204e9800998ecf8427e"
                    ]
                ],
                "3": [
                    [
                        {
                            "id": "test_sample"
                        },
                        "test_sample.classified_1.fastq.gz:md5,d41d8cd98f00b204e9800998ecf8427e"
                    ]
                ],
                "4": [
                    [
                        {
                            "id": "test_sample"
                        },
                        "PERCENT_HUMAN.txt:md5,6808ca805661622ad65ae014a4b2a094"
                    ]
                ],
                "5": [
                    "versions.yml:md5,8b0b6f59777a156266d8c1123a26c1ce"
                ],
                "kraken2_classified_reads": [
                    [
                        {
                            "id": "test_sample"
                        },
                        "test_sample.classified_1.fastq.gz:md5,d41d8cd98f00b204e9800998ecf8427e"
                    ]
                ],
                "kraken2_classified_report": [
                    [
                        {
                            "id": "test_sample"
                        },
                        "test_sample.classifiedreads.txt.gz:md5,d41d8cd98f00b204e9800998ecf8427e"
                    ]
                ],
                "kraken2_percent_human_file": [
                    [
                        {
                            "id": "test_sample"
                        },
                        "PERCENT_HUMAN.txt:md5,6808ca805661622ad65ae014a4b2a094"
                    ]
                ],
                "kraken2_report": [
                    [
                        {
                            "id": "test_sample"
                        },
                        "test_sample.report.txt:md5,d41d8cd98f00b204e9800998ecf8427e"
                    ]
                ],
                "kraken2_unclassified_reads": [
                    [
                        {
                            "id": "test_sample"
                        },
                        "test_sample.unclassified_1.fastq.gz:md5,d41d8cd98f00b204e9800998ecf8427e"
                    ]
                ],
                "versions": [
                    "versions.yml:md5,8b0b6f59777a156266d8c1123a26c1ce"
                ]
            }
        ],
        "meta": {
            "nf-test": "0.9.2",
            "nextflow": "25.04.4"
        },
        "timestamp": "2025-06-18T19:00:11.249733966"
    },
    "kraken2 test": {
        "content": [
            [
                [
                    {
                        "id": "test_sample"
                    },
                    "test_sample.report.txt:md5,a3a38882bd402d836db72bd20ef948b3"
                ]
            ],
            [
                [
                    {
                        "id": "test_sample"
                    },
                    "test_sample.classifiedreads.txt.gz:md5,d1da20259b1133a73069aebb8073410a"
                ]
            ],
            [
                [
                    {
                        "id": "test_sample"
                    },
                    [
                        "test_sample.unclassified_1.fastq.gz:md5,48ab5cdbf8567cf6023bd304fcf896a9",
                        "test_sample.unclassified_2.fastq.gz:md5,b4246225aa4a15496991ac7c6b58563f"
                    ]
                ]
            ],
            [
                [
                    {
                        "id": "test_sample"
                    },
                    [
                        "test_sample.classified_1.fastq.gz:md5,d41d8cd98f00b204e9800998ecf8427e",
                        "test_sample.classified_2.fastq.gz:md5,d41d8cd98f00b204e9800998ecf8427e"
                    ]
                ]
            ],
            [
                [
                    {
                        "id": "test_sample"
                    },
                    "PERCENT_HUMAN.txt:md5,897316929176464ebc9ad085f31e7284"
                ]
            ],
            [
                "versions.yml:md5,8b0b6f59777a156266d8c1123a26c1ce"
            ]
        ],
        "meta": {
            "nf-test": "0.9.2",
            "nextflow": "25.04.4"
        },
        "timestamp": "2025-06-18T18:59:57.033239171"
    }
}