{
    "abricate_vibrio test": {
        "content": [
            [
                [
                    {
                        "id": "test_sample"
                    },
                    "test_sample_abricate_hits.tsv:md5,a7fd457eb9d5487341ce7a57d3132d7e"
                ]
            ],
            [
                [
                    {
                        "id": "test_sample"
                    },
                    "CTXA.txt:md5,e0db08a61c51d911c9e4fe3f610c6175"
                ]
            ],
            [
                [
                    {
                        "id": "test_sample"
                    },
                    "OMPW.txt:md5,e0db08a61c51d911c9e4fe3f610c6175"
                ]
            ],
            [
                [
                    {
                        "id": "test_sample"
                    },
                    "TOXR.txt:md5,e0db08a61c51d911c9e4fe3f610c6175"
                ]
            ],
            [
                [
                    {
                        "id": "test_sample"
                    },
                    "BIOTYPE.txt:md5,abe5a6b7c2c63600da6f663929fcfb87"
                ]
            ],
            [
                [
                    {
                        "id": "test_sample"
                    },
                    "SEROGROUP.txt:md5,b245400af5ccc23c31ff441a8f0628bb"
                ]
            ],
            [
                "versions.yml:md5,9bfa0dcf6d7d5f909910147e671b8489"
            ]
        ],
        "meta": {
            "nf-test": "0.9.2",
            "nextflow": "24.10.8"
        },
        "timestamp": "2025-06-26T14:04:31.752016347"
    },
    "abricate_vibrio - stub": {
        "content": [
            {
                "0": [
                    [
                        {
                            "id": "test_sample"
                        },
                        "test_sample_abricate_hits.tsv:md5,d41d8cd98f00b204e9800998ecf8427e"
                    ]
                ],
                "1": [
                    [
                        {
                            "id": "test_sample"
                        },
                        "CTXA.txt:md5,d41d8cd98f00b204e9800998ecf8427e"
                    ]
                ],
                "2": [
                    [
                        {
                            "id": "test_sample"
                        },
                        "OMPW.txt:md5,d41d8cd98f00b204e9800998ecf8427e"
                    ]
                ],
                "3": [
                    [
                        {
                            "id": "test_sample"
                        },
                        "TOXR.txt:md5,d41d8cd98f00b204e9800998ecf8427e"
                    ]
                ],
                "4": [
                    [
                        {
                            "id": "test_sample"
                        },
                        "BIOTYPE.txt:md5,d41d8cd98f00b204e9800998ecf8427e"
                    ]
                ],
                "5": [
                    [
                        {
                            "id": "test_sample"
                        },
                        "SEROGROUP.txt:md5,d41d8cd98f00b204e9800998ecf8427e"
                    ]
                ],
                "6": [
                    "versions.yml:md5,9bfa0dcf6d7d5f909910147e671b8489"
                ],
                "abricate_hits": [
                    [
                        {
                            "id": "test_sample"
                        },
                        "test_sample_abricate_hits.tsv:md5,d41d8cd98f00b204e9800998ecf8427e"
                    ]
                ],
                "biotype": [
                    [
                        {
                            "id": "test_sample"
                        },
                        "BIOTYPE.txt:md5,d41d8cd98f00b204e9800998ecf8427e"
                    ]
                ],
                "ctxa": [
                    [
                        {
                            "id": "test_sample"
                        },
                        "CTXA.txt:md5,d41d8cd98f00b204e9800998ecf8427e"
                    ]
                ],
                "ompw": [
                    [
                        {
                            "id": "test_sample"
                        },
                        "OMPW.txt:md5,d41d8cd98f00b204e9800998ecf8427e"
                    ]
                ],
                "serogroup": [
                    [
                        {
                            "id": "test_sample"
                        },
                        "SEROGROUP.txt:md5,d41d8cd98f00b204e9800998ecf8427e"
                    ]
                ],
                "toxr": [
                    [
                        {
                            "id": "test_sample"
                        },
                        "TOXR.txt:md5,d41d8cd98f00b204e9800998ecf8427e"
                    ]
                ],
                "versions": [
                    "versions.yml:md5,9bfa0dcf6d7d5f909910147e671b8489"
                ]
            }
        ],
        "meta": {
            "nf-test": "0.9.2",
            "nextflow": "24.10.8"
        },
        "timestamp": "2025-06-26T14:04:36.870991818"
    }
}