{
    "acinetobacter_species - abaumannii characterization": {
        "content": [
            [
                
            ],
            [
                [
                    {
                        "id": "test_abaum",
                        "single_end": false
                    },
                    "test_abaum_abricate_hits.tsv:md5,997119371d441dd564173ebf40abc22b"
                ]
            ],
            [
                "versions.yml:md5,48d9c953e7b490c7d631409b0d4d1117"
            ]
        ],
        "meta": {
            "nf-test": "0.9.2",
            "nextflow": "24.10.8"
        },
        "timestamp": "2025-07-02T18:35:41.378060555"
    }
}