{
    "fastq_scan pe test": {
        "content": [
            [
                [
                    {
                        "id": "test_sample"
                    },
                    "test_sample_R1_fastq-scan.json:md5,71dc2588c0cc06ea03189775de2e9755"
                ]
            ],
            [
                [
                    {
                        "id": "test_sample"
                    },
                    "test_sample_R2_fastq-scan.json:md5,5a61069d962fe7c6cf961a4fc455f77e"
                ]
            ],
            [
                [
                    {
                        "id": "test_sample"
                    },
                    "READ1_SEQS:md5,2ebd3caa45b31a2e74e436b645eab4b0"
                ]
            ],
            [
                [
                    {
                        "id": "test_sample"
                    },
                    "READ2_SEQS:md5,2ebd3caa45b31a2e74e436b645eab4b0"
                ]
            ],
            [
                [
                    {
                        "id": "test_sample"
                    },
                    "READ_PAIRS:md5,2ebd3caa45b31a2e74e436b645eab4b0"
                ]
            ],
            [
                "versions.yml:md5,f43574e4a33b4589e98554dae663cfd0"
            ]
        ],
        "meta": {
            "nf-test": "0.9.2",
            "nextflow": "25.04.4"
        },
        "timestamp": "2025-06-23T18:31:53.009538888"
    },
    "should run with theiaprok workflow - stub": {
        "content": [
            {
                "0": [
                    [
                        {
                            "id": "test_sample"
                        },
                        "test_sample_R1_fastq-scan.json:md5,98de982178be794f9db4ea493683a5da"
                    ]
                ],
                "1": [
                    [
                        {
                            "id": "test_sample"
                        },
                        "test_sample_R2_fastq-scan.json:md5,98de982178be794f9db4ea493683a5da"
                    ]
                ],
                "2": [
                    [
                        {
                            "id": "test_sample"
                        },
                        "READ1_SEQS:md5,ad865d2f63b9feb2552c220385fbb7e3"
                    ]
                ],
                "3": [
                    [
                        {
                            "id": "test_sample"
                        },
                        "READ2_SEQS:md5,ad865d2f63b9feb2552c220385fbb7e3"
                    ]
                ],
                "4": [
                    [
                        {
                            "id": "test_sample"
                        },
                        "READ_PAIRS:md5,ad865d2f63b9feb2552c220385fbb7e3"
                    ]
                ],
                "5": [
                    "versions.yml:md5,f43574e4a33b4589e98554dae663cfd0"
                ],
                "read1_fastq_scan_json": [
                    [
                        {
                            "id": "test_sample"
                        },
                        "test_sample_R1_fastq-scan.json:md5,98de982178be794f9db4ea493683a5da"
                    ]
                ],
                "read1_seq": [
                    [
                        {
                            "id": "test_sample"
                        },
                        "READ1_SEQS:md5,ad865d2f63b9feb2552c220385fbb7e3"
                    ]
                ],
                "read2_fastq_scan_json": [
                    [
                        {
                            "id": "test_sample"
                        },
                        "test_sample_R2_fastq-scan.json:md5,98de982178be794f9db4ea493683a5da"
                    ]
                ],
                "read2_seq": [
                    [
                        {
                            "id": "test_sample"
                        },
                        "READ2_SEQS:md5,ad865d2f63b9feb2552c220385fbb7e3"
                    ]
                ],
                "read_pairs": [
                    [
                        {
                            "id": "test_sample"
                        },
                        "READ_PAIRS:md5,ad865d2f63b9feb2552c220385fbb7e3"
                    ]
                ],
                "versions": [
                    "versions.yml:md5,f43574e4a33b4589e98554dae663cfd0"
                ]
            }
        ],
        "meta": {
            "nf-test": "0.9.2",
            "nextflow": "25.04.4"
        },
        "timestamp": "2025-06-23T18:32:03.936097584"
    }
}