{
    "cg_pipeline - stub": {
        "content": [
            {
                "0": [
                    [
                        {
                            "id": "test_sample"
                        },
                        "test_sample_readMetrics.tsv:md5,51bb9b62d9be48ac08dfb0ec931632e2"
                    ]
                ],
                "1": [
                    [
                        {
                            "id": "test_sample"
                        },
                        "DATE.txt:md5,51bb9b62d9be48ac08dfb0ec931632e2"
                    ]
                ],
                "2": [
                    [
                        {
                            "id": "test_sample"
                        },
                        "R1_MEAN_Q.txt:md5,51bb9b62d9be48ac08dfb0ec931632e2"
                    ]
                ],
                "3": [
                    [
                        {
                            "id": "test_sample"
                        },
                        "R2_MEAN_Q.txt:md5,51bb9b62d9be48ac08dfb0ec931632e2"
                    ]
                ],
                "4": [
                    [
                        {
                            "id": "test_sample"
                        },
                        "COMBINED_MEAN_Q.txt:md5,51bb9b62d9be48ac08dfb0ec931632e2"
                    ]
                ],
                "5": [
                    [
                        {
                            "id": "test_sample"
                        },
                        "R1_MEAN_LENGTH.txt:md5,51bb9b62d9be48ac08dfb0ec931632e2"
                    ]
                ],
                "6": [
                    [
                        {
                            "id": "test_sample"
                        },
                        "R2_MEAN_LENGTH.txt:md5,51bb9b62d9be48ac08dfb0ec931632e2"
                    ]
                ],
                "7": [
                    [
                        {
                            "id": "test_sample"
                        },
                        "COMBINED_MEAN_LENGTH.txt:md5,51bb9b62d9be48ac08dfb0ec931632e2"
                    ]
                ],
                "8": [
                    [
                        {
                            "id": "test_sample"
                        },
                        "EST_COVERAGE.txt:md5,51bb9b62d9be48ac08dfb0ec931632e2"
                    ]
                ],
                "9": [
                    "versions.yml:md5,841c45908dbf4e61b23b03d38835f0b5"
                ],
                "cg_pipeline_report": [
                    [
                        {
                            "id": "test_sample"
                        },
                        "test_sample_readMetrics.tsv:md5,51bb9b62d9be48ac08dfb0ec931632e2"
                    ]
                ],
                "combined_mean_q": [
                    [
                        {
                            "id": "test_sample"
                        },
                        "COMBINED_MEAN_Q.txt:md5,51bb9b62d9be48ac08dfb0ec931632e2"
                    ]
                ],
                "combined_mean_readlength": [
                    [
                        {
                            "id": "test_sample"
                        },
                        "COMBINED_MEAN_LENGTH.txt:md5,51bb9b62d9be48ac08dfb0ec931632e2"
                    ]
                ],
                "est_coverage": [
                    [
                        {
                            "id": "test_sample"
                        },
                        "EST_COVERAGE.txt:md5,51bb9b62d9be48ac08dfb0ec931632e2"
                    ]
                ],
                "pipeline_date": [
                    [
                        {
                            "id": "test_sample"
                        },
                        "DATE.txt:md5,51bb9b62d9be48ac08dfb0ec931632e2"
                    ]
                ],
                "r1_mean_q": [
                    [
                        {
                            "id": "test_sample"
                        },
                        "R1_MEAN_Q.txt:md5,51bb9b62d9be48ac08dfb0ec931632e2"
                    ]
                ],
                "r1_mean_readlength": [
                    [
                        {
                            "id": "test_sample"
                        },
                        "R1_MEAN_LENGTH.txt:md5,51bb9b62d9be48ac08dfb0ec931632e2"
                    ]
                ],
                "r2_mean_q": [
                    [
                        {
                            "id": "test_sample"
                        },
                        "R2_MEAN_Q.txt:md5,51bb9b62d9be48ac08dfb0ec931632e2"
                    ]
                ],
                "r2_mean_readlength": [
                    [
                        {
                            "id": "test_sample"
                        },
                        "R2_MEAN_LENGTH.txt:md5,51bb9b62d9be48ac08dfb0ec931632e2"
                    ]
                ],
                "versions": [
                    "versions.yml:md5,841c45908dbf4e61b23b03d38835f0b5"
                ]
            }
        ],
        "meta": {
            "nf-test": "0.9.2",
            "nextflow": "24.10.8"
        },
        "timestamp": "2025-06-23T21:55:30.727040169"
    },
    "cg_pipeline test": {
        "content": [
            [
                [
                    {
                        "id": "test_sample"
                    },
                    [
                        "test_sample_concat_readMetrics.tsv:md5,0e774be52ea4f79886590883f874187a",
                        "test_sample_readMetrics.tsv:md5,f84e51059668e860f12a566258e562c1"
                    ]
                ]
            ],
            [
                [
                    {
                        "id": "test_sample"
                    },
                    "R1_MEAN_Q.txt:md5,1f15e0f43349abcd2427df06d3bb3f18"
                ]
            ],
            [
                [
                    {
                        "id": "test_sample"
                    },
                    "R2_MEAN_Q.txt:md5,ea65ac714a8b6e5c09fc31b5f31c936d"
                ]
            ],
            [
                [
                    {
                        "id": "test_sample"
                    },
                    "COMBINED_MEAN_Q.txt:md5,65f65e7ee6a3b64dabcc495951893e30"
                ]
            ],
            [
                [
                    {
                        "id": "test_sample"
                    },
                    "R1_MEAN_LENGTH.txt:md5,855d0b2f08e1e39e7b9daa1db6ac9716"
                ]
            ],
            [
                [
                    {
                        "id": "test_sample"
                    },
                    "R2_MEAN_LENGTH.txt:md5,855d0b2f08e1e39e7b9daa1db6ac9716"
                ]
            ],
            [
                [
                    {
                        "id": "test_sample"
                    },
                    "COMBINED_MEAN_LENGTH.txt:md5,855d0b2f08e1e39e7b9daa1db6ac9716"
                ]
            ],
            [
                [
                    {
                        "id": "test_sample"
                    },
                    "EST_COVERAGE.txt:md5,b5946ac784beee15be7753b5a581fde6"
                ]
            ],
            [
                "versions.yml:md5,841c45908dbf4e61b23b03d38835f0b5"
            ]
        ],
        "meta": {
            "nf-test": "0.9.2",
            "nextflow": "24.10.8"
        },
        "timestamp": "2025-06-23T21:55:24.934480746"
    }
}