{
    "kmerfinder test": {
        "content": [
            [
                [
                    {
                        "id": "test_sample"
                    },
                    "test_sample_kmerfinder.tsv:md5,1580af2fae93812869f04708639f5314"
                ]
            ],
            [
                [
                    {
                        "id": "test_sample"
                    },
                    "TOP_HIT:md5,cf60bcbd06725055f50468a1f26bab9f"
                ]
            ],
            [
                [
                    {
                        "id": "test_sample"
                    },
                    "QC_METRIC:md5,17c62290ed5713b447492e2730a41622"
                ]
            ],
            [
                [
                    {
                        "id": "test_sample"
                    },
                    "TEMPLATE_COVERAGE:md5,5acd6ae3f246733a2e8e3ad364218579"
                ]
            ],
            [
                [
                    {
                        "id": "test_sample"
                    },
                    "DATABASE:md5,ff5cb9ab6b0e006ce178e5f89cbf4ea7"
                ]
            ],
            [
                "versions.yml:md5,492737a83d2c59c1357ff111997036e6"
            ]
        ],
        "meta": {
            "nf-test": "0.9.2",
            "nextflow": "24.10.8"
        },
        "timestamp": "2025-06-24T14:54:19.187995136"
    },
    "kmerfinder - stub": {
        "content": [
            {
                "0": [
                    [
                        {
                            "id": "test_sample"
                        },
                        "test_sample_kmerfinder.tsv:md5,51bb9b62d9be48ac08dfb0ec931632e2"
                    ]
                ],
                "1": [
                    [
                        {
                            "id": "test_sample"
                        },
                        "TOP_HIT:md5,51bb9b62d9be48ac08dfb0ec931632e2"
                    ]
                ],
                "2": [
                    [
                        {
                            "id": "test_sample"
                        },
                        "QC_METRIC:md5,51bb9b62d9be48ac08dfb0ec931632e2"
                    ]
                ],
                "3": [
                    [
                        {
                            "id": "test_sample"
                        },
                        "TEMPLATE_COVERAGE:md5,51bb9b62d9be48ac08dfb0ec931632e2"
                    ]
                ],
                "4": [
                    [
                        {
                            "id": "test_sample"
                        },
                        "DATABASE:md5,51bb9b62d9be48ac08dfb0ec931632e2"
                    ]
                ],
                "5": [
                    "versions.yml:md5,492737a83d2c59c1357ff111997036e6"
                ],
                "kmerfinder_database": [
                    [
                        {
                            "id": "test_sample"
                        },
                        "DATABASE:md5,51bb9b62d9be48ac08dfb0ec931632e2"
                    ]
                ],
                "kmerfinder_query_coverage": [
                    [
                        {
                            "id": "test_sample"
                        },
                        "QC_METRIC:md5,51bb9b62d9be48ac08dfb0ec931632e2"
                    ]
                ],
                "kmerfinder_results_tsv": [
                    [
                        {
                            "id": "test_sample"
                        },
                        "test_sample_kmerfinder.tsv:md5,51bb9b62d9be48ac08dfb0ec931632e2"
                    ]
                ],
                "kmerfinder_template_coverage": [
                    [
                        {
                            "id": "test_sample"
                        },
                        "TEMPLATE_COVERAGE:md5,51bb9b62d9be48ac08dfb0ec931632e2"
                    ]
                ],
                "kmerfinder_top_hit": [
                    [
                        {
                            "id": "test_sample"
                        },
                        "TOP_HIT:md5,51bb9b62d9be48ac08dfb0ec931632e2"
                    ]
                ],
                "versions": [
                    "versions.yml:md5,492737a83d2c59c1357ff111997036e6"
                ]
            }
        ],
        "meta": {
            "nf-test": "0.9.2",
            "nextflow": "24.10.8"
        },
        "timestamp": "2025-06-24T14:54:24.368894277"
    }
}